Timing Analyzer report for fifo
Tue Feb 07 00:24:54 2023
Quartus Prime Version 18.1.0 Build 625 09/12/2018 SJ Lite Edition


---------------------
; Table of Contents ;
---------------------
  1. Legal Notice
  2. Timing Analyzer Summary
  3. Parallel Compilation
  4. SDC File List
  5. Clocks
  6. Slow 1100mV 85C Model Fmax Summary
  7. Timing Closure Recommendations
  8. Slow 1100mV 85C Model Setup Summary
  9. Slow 1100mV 85C Model Hold Summary
 10. Slow 1100mV 85C Model Recovery Summary
 11. Slow 1100mV 85C Model Removal Summary
 12. Slow 1100mV 85C Model Minimum Pulse Width Summary
 13. Slow 1100mV 85C Model Metastability Summary
 14. Slow 1100mV 0C Model Fmax Summary
 15. Slow 1100mV 0C Model Setup Summary
 16. Slow 1100mV 0C Model Hold Summary
 17. Slow 1100mV 0C Model Recovery Summary
 18. Slow 1100mV 0C Model Removal Summary
 19. Slow 1100mV 0C Model Minimum Pulse Width Summary
 20. Slow 1100mV 0C Model Metastability Summary
 21. Fast 1100mV 85C Model Setup Summary
 22. Fast 1100mV 85C Model Hold Summary
 23. Fast 1100mV 85C Model Recovery Summary
 24. Fast 1100mV 85C Model Removal Summary
 25. Fast 1100mV 85C Model Minimum Pulse Width Summary
 26. Fast 1100mV 85C Model Metastability Summary
 27. Fast 1100mV 0C Model Setup Summary
 28. Fast 1100mV 0C Model Hold Summary
 29. Fast 1100mV 0C Model Recovery Summary
 30. Fast 1100mV 0C Model Removal Summary
 31. Fast 1100mV 0C Model Minimum Pulse Width Summary
 32. Fast 1100mV 0C Model Metastability Summary
 33. Multicorner Timing Analysis Summary
 34. Board Trace Model Assignments
 35. Input Transition Times
 36. Signal Integrity Metrics (Slow 1100mv 0c Model)
 37. Signal Integrity Metrics (Slow 1100mv 85c Model)
 38. Signal Integrity Metrics (Fast 1100mv 0c Model)
 39. Signal Integrity Metrics (Fast 1100mv 85c Model)
 40. Setup Transfers
 41. Hold Transfers
 42. Report TCCS
 43. Report RSKM
 44. Unconstrained Paths Summary
 45. Clock Status Summary
 46. Unconstrained Input Ports
 47. Unconstrained Output Ports
 48. Unconstrained Input Ports
 49. Unconstrained Output Ports
 50. Timing Analyzer Messages



----------------
; Legal Notice ;
----------------
Copyright (C) 2018  Intel Corporation. All rights reserved.
Your use of Intel Corporation's design tools, logic functions 
and other software and tools, and its AMPP partner logic 
functions, and any output files from any of the foregoing 
(including device programming or simulation files), and any 
associated documentation or information are expressly subject 
to the terms and conditions of the Intel Program License 
Subscription Agreement, the Intel Quartus Prime License Agreement,
the Intel FPGA IP License Agreement, or other applicable license
agreement, including, without limitation, that your use is for
the sole purpose of programming logic devices manufactured by
Intel and sold by Intel or its authorized distributors.  Please
refer to the applicable agreement for further details.



+-----------------------------------------------------------------------------+
; Timing Analyzer Summary                                                     ;
+-----------------------+-----------------------------------------------------+
; Quartus Prime Version ; Version 18.1.0 Build 625 09/12/2018 SJ Lite Edition ;
; Timing Analyzer       ; Legacy Timing Analyzer                              ;
; Revision Name         ; fifo                                                ;
; Device Family         ; Cyclone V                                           ;
; Device Name           ; 5CSEBA4U19C8                                        ;
; Timing Models         ; Final                                               ;
; Delay Model           ; Combined                                            ;
; Rise/Fall Delays      ; Enabled                                             ;
+-----------------------+-----------------------------------------------------+


+------------------------------------------+
; Parallel Compilation                     ;
+----------------------------+-------------+
; Processors                 ; Number      ;
+----------------------------+-------------+
; Number detected on machine ; 12          ;
; Maximum allowed            ; 6           ;
;                            ;             ;
; Average used               ; 3.12        ;
; Maximum used               ; 6           ;
;                            ;             ;
; Usage by Processor         ; % Time Used ;
;     Processor 1            ; 100.0%      ;
;     Processor 2            ;  44.7%      ;
;     Processor 3            ;  42.8%      ;
;     Processor 4            ;  42.1%      ;
;     Processor 5            ;  41.2%      ;
;     Processor 6            ;  41.2%      ;
+----------------------------+-------------+


+---------------------------------------------------+
; SDC File List                                     ;
+---------------+--------+--------------------------+
; SDC File Path ; Status ; Read at                  ;
+---------------+--------+--------------------------+
; fifo.sdc      ; OK     ; Tue Feb 07 00:24:42 2023 ;
+---------------+--------+--------------------------+


+----------------------------------------------------------------------------------------------------------------------------------------------------------------------------------+
; Clocks                                                                                                                                                                           ;
+------------+------+--------+-----------+-------+-------+------------+-----------+-------------+-------+--------+-----------+------------+----------+--------+--------+-----------+
; Clock Name ; Type ; Period ; Frequency ; Rise  ; Fall  ; Duty Cycle ; Divide by ; Multiply by ; Phase ; Offset ; Edge List ; Edge Shift ; Inverted ; Master ; Source ; Targets   ;
+------------+------+--------+-----------+-------+-------+------------+-----------+-------------+-------+--------+-----------+------------+----------+--------+--------+-----------+
; clk_150    ; Base ; 6.666  ; 150.0 MHz ; 0.000 ; 3.333 ;            ;           ;             ;       ;        ;           ;            ;          ;        ;        ; { clk_i } ;
+------------+------+--------+-----------+-------+-------+------------+-----------+-------------+-------+--------+-----------+------------+----------+--------+--------+-----------+


+------------------------------------------------+
; Slow 1100mV 85C Model Fmax Summary             ;
+----------+-----------------+------------+------+
; Fmax     ; Restricted Fmax ; Clock Name ; Note ;
+----------+-----------------+------------+------+
; 94.1 MHz ; 94.1 MHz        ; clk_150    ;      ;
+----------+-----------------+------------+------+
This panel reports FMAX for every clock in the design, regardless of the user-specified clock periods.  FMAX is only computed for paths where the source and destination registers or ports are driven by the same clock.  Paths of different clocks, including generated clocks, are ignored.  For paths between a clock and its inversion, FMAX is computed as if the rising and falling edges are scaled along with FMAX, such that the duty cycle (in terms of a percentage) is maintained. Altera recommends that you always use clock constraints and other slack reports for sign-off analysis.


----------------------------------
; Timing Closure Recommendations ;
----------------------------------
HTML report is unavailable in plain text report export.


+-------------------------------------+
; Slow 1100mV 85C Model Setup Summary ;
+---------+--------+------------------+
; Clock   ; Slack  ; End Point TNS    ;
+---------+--------+------------------+
; clk_150 ; -3.961 ; -4428.896        ;
+---------+--------+------------------+


+------------------------------------+
; Slow 1100mV 85C Model Hold Summary ;
+---------+-------+------------------+
; Clock   ; Slack ; End Point TNS    ;
+---------+-------+------------------+
; clk_150 ; 0.514 ; 0.000            ;
+---------+-------+------------------+


------------------------------------------
; Slow 1100mV 85C Model Recovery Summary ;
------------------------------------------
No paths to report.


-----------------------------------------
; Slow 1100mV 85C Model Removal Summary ;
-----------------------------------------
No paths to report.


+---------------------------------------------------+
; Slow 1100mV 85C Model Minimum Pulse Width Summary ;
+---------+-------+---------------------------------+
; Clock   ; Slack ; End Point TNS                   ;
+---------+-------+---------------------------------+
; clk_150 ; 1.111 ; 0.000                           ;
+---------+-------+---------------------------------+


-----------------------------------------------
; Slow 1100mV 85C Model Metastability Summary ;
-----------------------------------------------
No synchronizer chains to report.


+-------------------------------------------------+
; Slow 1100mV 0C Model Fmax Summary               ;
+-----------+-----------------+------------+------+
; Fmax      ; Restricted Fmax ; Clock Name ; Note ;
+-----------+-----------------+------------+------+
; 91.66 MHz ; 91.66 MHz       ; clk_150    ;      ;
+-----------+-----------------+------------+------+
This panel reports FMAX for every clock in the design, regardless of the user-specified clock periods.  FMAX is only computed for paths where the source and destination registers or ports are driven by the same clock.  Paths of different clocks, including generated clocks, are ignored.  For paths between a clock and its inversion, FMAX is computed as if the rising and falling edges are scaled along with FMAX, such that the duty cycle (in terms of a percentage) is maintained. Altera recommends that you always use clock constraints and other slack reports for sign-off analysis.


+------------------------------------+
; Slow 1100mV 0C Model Setup Summary ;
+---------+--------+-----------------+
; Clock   ; Slack  ; End Point TNS   ;
+---------+--------+-----------------+
; clk_150 ; -4.244 ; -3662.395       ;
+---------+--------+-----------------+


+-----------------------------------+
; Slow 1100mV 0C Model Hold Summary ;
+---------+-------+-----------------+
; Clock   ; Slack ; End Point TNS   ;
+---------+-------+-----------------+
; clk_150 ; 0.521 ; 0.000           ;
+---------+-------+-----------------+


-----------------------------------------
; Slow 1100mV 0C Model Recovery Summary ;
-----------------------------------------
No paths to report.


----------------------------------------
; Slow 1100mV 0C Model Removal Summary ;
----------------------------------------
No paths to report.


+--------------------------------------------------+
; Slow 1100mV 0C Model Minimum Pulse Width Summary ;
+---------+-------+--------------------------------+
; Clock   ; Slack ; End Point TNS                  ;
+---------+-------+--------------------------------+
; clk_150 ; 1.111 ; 0.000                          ;
+---------+-------+--------------------------------+


----------------------------------------------
; Slow 1100mV 0C Model Metastability Summary ;
----------------------------------------------
No synchronizer chains to report.


+-------------------------------------+
; Fast 1100mV 85C Model Setup Summary ;
+---------+-------+-------------------+
; Clock   ; Slack ; End Point TNS     ;
+---------+-------+-------------------+
; clk_150 ; 1.518 ; 0.000             ;
+---------+-------+-------------------+


+------------------------------------+
; Fast 1100mV 85C Model Hold Summary ;
+---------+-------+------------------+
; Clock   ; Slack ; End Point TNS    ;
+---------+-------+------------------+
; clk_150 ; 0.214 ; 0.000            ;
+---------+-------+------------------+


------------------------------------------
; Fast 1100mV 85C Model Recovery Summary ;
------------------------------------------
No paths to report.


-----------------------------------------
; Fast 1100mV 85C Model Removal Summary ;
-----------------------------------------
No paths to report.


+---------------------------------------------------+
; Fast 1100mV 85C Model Minimum Pulse Width Summary ;
+---------+-------+---------------------------------+
; Clock   ; Slack ; End Point TNS                   ;
+---------+-------+---------------------------------+
; clk_150 ; 2.137 ; 0.000                           ;
+---------+-------+---------------------------------+


-----------------------------------------------
; Fast 1100mV 85C Model Metastability Summary ;
-----------------------------------------------
No synchronizer chains to report.


+------------------------------------+
; Fast 1100mV 0C Model Setup Summary ;
+---------+-------+------------------+
; Clock   ; Slack ; End Point TNS    ;
+---------+-------+------------------+
; clk_150 ; 2.012 ; 0.000            ;
+---------+-------+------------------+


+-----------------------------------+
; Fast 1100mV 0C Model Hold Summary ;
+---------+-------+-----------------+
; Clock   ; Slack ; End Point TNS   ;
+---------+-------+-----------------+
; clk_150 ; 0.199 ; 0.000           ;
+---------+-------+-----------------+


-----------------------------------------
; Fast 1100mV 0C Model Recovery Summary ;
-----------------------------------------
No paths to report.


----------------------------------------
; Fast 1100mV 0C Model Removal Summary ;
----------------------------------------
No paths to report.


+--------------------------------------------------+
; Fast 1100mV 0C Model Minimum Pulse Width Summary ;
+---------+-------+--------------------------------+
; Clock   ; Slack ; End Point TNS                  ;
+---------+-------+--------------------------------+
; clk_150 ; 2.125 ; 0.000                          ;
+---------+-------+--------------------------------+


----------------------------------------------
; Fast 1100mV 0C Model Metastability Summary ;
----------------------------------------------
No synchronizer chains to report.


+---------------------------------------------------------------------------------+
; Multicorner Timing Analysis Summary                                             ;
+------------------+-----------+-------+----------+---------+---------------------+
; Clock            ; Setup     ; Hold  ; Recovery ; Removal ; Minimum Pulse Width ;
+------------------+-----------+-------+----------+---------+---------------------+
; Worst-case Slack ; -4.244    ; 0.199 ; N/A      ; N/A     ; 1.111               ;
;  clk_150         ; -4.244    ; 0.199 ; N/A      ; N/A     ; 1.111               ;
; Design-wide TNS  ; -4428.896 ; 0.0   ; 0.0      ; 0.0     ; 0.0                 ;
;  clk_150         ; -4428.896 ; 0.000 ; N/A      ; N/A     ; 0.000               ;
+------------------+-----------+-------+----------+---------+---------------------+


+--------------------------------------------------------------------------------------------------------------------------------------------------------------------------------------------------------------------------------------------------------------------------------------------------------------------------------------------------------------------------------------------------------+
; Board Trace Model Assignments                                                                                                                                                                                                                                                                                                                                                                          ;
+-----+--------------+-------------------+-------------------------+-------------------------+---------------+---------------------+----------------+------------------+--------+------------------+------------------------+------------------------+--------------+---------------+-----------------+-------+---------------------+--------------------+---------------+-----------------+-------------+
; Pin ; I/O Standard ; Near Tline Length ; Near Tline L per Length ; Near Tline C per Length ; Near Series R ; Near Differential R ; Near Pull-up R ; Near Pull-down R ; Near C ; Far Tline Length ; Far Tline L per Length ; Far Tline C per Length ; Far Series R ; Far Pull-up R ; Far Pull-down R ; Far C ; Termination Voltage ; Far Differential R ; EBD File Name ; EBD Signal Name ; EBD Far-end ;
+-----+--------------+-------------------+-------------------------+-------------------------+---------------+---------------------+----------------+------------------+--------+------------------+------------------------+------------------------+--------------+---------------+-----------------+-------+---------------------+--------------------+---------------+-----------------+-------------+


+----------------------------------------------------------+
; Input Transition Times                                   ;
+-------+--------------+-----------------+-----------------+
; Pin   ; I/O Standard ; 10-90 Rise Time ; 90-10 Fall Time ;
+-------+--------------+-----------------+-----------------+
; clk_i ; 2.5 V        ; 2000 ps         ; 2000 ps         ;
+-------+--------------+-----------------+-----------------+


+----------------------------------------------------------------------------------------------------------------------------------------------------------------------------------------------------------------------------------------------------------------------------------------------------------------------------------------------------------------------------------------------------------------------------------------------------------------------------------------------------------------------------------------------------------------------------------------------------------------------------------------------------------------------------------+
; Signal Integrity Metrics (Slow 1100mv 0c Model)                                                                                                                                                                                                                                                                                                                                                                                                                                                                                                                                                                                                                                  ;
+-----+--------------+---------------------+---------------------+------------------------------+------------------------------+---------------------+---------------------+--------------------------------------+--------------------------------------+-----------------------------+-----------------------------+----------------------------+----------------------------+-----------------------------+-----------------------------+--------------------+--------------------+-------------------------------------+-------------------------------------+----------------------------+----------------------------+---------------------------+---------------------------+
; Pin ; I/O Standard ; Board Delay on Rise ; Board Delay on Fall ; Steady State Voh at FPGA Pin ; Steady State Vol at FPGA Pin ; Voh Max at FPGA Pin ; Vol Min at FPGA Pin ; Ringback Voltage on Rise at FPGA Pin ; Ringback Voltage on Fall at FPGA Pin ; 10-90 Rise Time at FPGA Pin ; 90-10 Fall Time at FPGA Pin ; Monotonic Rise at FPGA Pin ; Monotonic Fall at FPGA Pin ; Steady State Voh at Far-end ; Steady State Vol at Far-end ; Voh Max at Far-end ; Vol Min at Far-end ; Ringback Voltage on Rise at Far-end ; Ringback Voltage on Fall at Far-end ; 10-90 Rise Time at Far-end ; 90-10 Fall Time at Far-end ; Monotonic Rise at Far-end ; Monotonic Fall at Far-end ;
+-----+--------------+---------------------+---------------------+------------------------------+------------------------------+---------------------+---------------------+--------------------------------------+--------------------------------------+-----------------------------+-----------------------------+----------------------------+----------------------------+-----------------------------+-----------------------------+--------------------+--------------------+-------------------------------------+-------------------------------------+----------------------------+----------------------------+---------------------------+---------------------------+


+----------------------------------------------------------------------------------------------------------------------------------------------------------------------------------------------------------------------------------------------------------------------------------------------------------------------------------------------------------------------------------------------------------------------------------------------------------------------------------------------------------------------------------------------------------------------------------------------------------------------------------------------------------------------------------+
; Signal Integrity Metrics (Slow 1100mv 85c Model)                                                                                                                                                                                                                                                                                                                                                                                                                                                                                                                                                                                                                                 ;
+-----+--------------+---------------------+---------------------+------------------------------+------------------------------+---------------------+---------------------+--------------------------------------+--------------------------------------+-----------------------------+-----------------------------+----------------------------+----------------------------+-----------------------------+-----------------------------+--------------------+--------------------+-------------------------------------+-------------------------------------+----------------------------+----------------------------+---------------------------+---------------------------+
; Pin ; I/O Standard ; Board Delay on Rise ; Board Delay on Fall ; Steady State Voh at FPGA Pin ; Steady State Vol at FPGA Pin ; Voh Max at FPGA Pin ; Vol Min at FPGA Pin ; Ringback Voltage on Rise at FPGA Pin ; Ringback Voltage on Fall at FPGA Pin ; 10-90 Rise Time at FPGA Pin ; 90-10 Fall Time at FPGA Pin ; Monotonic Rise at FPGA Pin ; Monotonic Fall at FPGA Pin ; Steady State Voh at Far-end ; Steady State Vol at Far-end ; Voh Max at Far-end ; Vol Min at Far-end ; Ringback Voltage on Rise at Far-end ; Ringback Voltage on Fall at Far-end ; 10-90 Rise Time at Far-end ; 90-10 Fall Time at Far-end ; Monotonic Rise at Far-end ; Monotonic Fall at Far-end ;
+-----+--------------+---------------------+---------------------+------------------------------+------------------------------+---------------------+---------------------+--------------------------------------+--------------------------------------+-----------------------------+-----------------------------+----------------------------+----------------------------+-----------------------------+-----------------------------+--------------------+--------------------+-------------------------------------+-------------------------------------+----------------------------+----------------------------+---------------------------+---------------------------+


+----------------------------------------------------------------------------------------------------------------------------------------------------------------------------------------------------------------------------------------------------------------------------------------------------------------------------------------------------------------------------------------------------------------------------------------------------------------------------------------------------------------------------------------------------------------------------------------------------------------------------------------------------------------------------------+
; Signal Integrity Metrics (Fast 1100mv 0c Model)                                                                                                                                                                                                                                                                                                                                                                                                                                                                                                                                                                                                                                  ;
+-----+--------------+---------------------+---------------------+------------------------------+------------------------------+---------------------+---------------------+--------------------------------------+--------------------------------------+-----------------------------+-----------------------------+----------------------------+----------------------------+-----------------------------+-----------------------------+--------------------+--------------------+-------------------------------------+-------------------------------------+----------------------------+----------------------------+---------------------------+---------------------------+
; Pin ; I/O Standard ; Board Delay on Rise ; Board Delay on Fall ; Steady State Voh at FPGA Pin ; Steady State Vol at FPGA Pin ; Voh Max at FPGA Pin ; Vol Min at FPGA Pin ; Ringback Voltage on Rise at FPGA Pin ; Ringback Voltage on Fall at FPGA Pin ; 10-90 Rise Time at FPGA Pin ; 90-10 Fall Time at FPGA Pin ; Monotonic Rise at FPGA Pin ; Monotonic Fall at FPGA Pin ; Steady State Voh at Far-end ; Steady State Vol at Far-end ; Voh Max at Far-end ; Vol Min at Far-end ; Ringback Voltage on Rise at Far-end ; Ringback Voltage on Fall at Far-end ; 10-90 Rise Time at Far-end ; 90-10 Fall Time at Far-end ; Monotonic Rise at Far-end ; Monotonic Fall at Far-end ;
+-----+--------------+---------------------+---------------------+------------------------------+------------------------------+---------------------+---------------------+--------------------------------------+--------------------------------------+-----------------------------+-----------------------------+----------------------------+----------------------------+-----------------------------+-----------------------------+--------------------+--------------------+-------------------------------------+-------------------------------------+----------------------------+----------------------------+---------------------------+---------------------------+


+----------------------------------------------------------------------------------------------------------------------------------------------------------------------------------------------------------------------------------------------------------------------------------------------------------------------------------------------------------------------------------------------------------------------------------------------------------------------------------------------------------------------------------------------------------------------------------------------------------------------------------------------------------------------------------+
; Signal Integrity Metrics (Fast 1100mv 85c Model)                                                                                                                                                                                                                                                                                                                                                                                                                                                                                                                                                                                                                                 ;
+-----+--------------+---------------------+---------------------+------------------------------+------------------------------+---------------------+---------------------+--------------------------------------+--------------------------------------+-----------------------------+-----------------------------+----------------------------+----------------------------+-----------------------------+-----------------------------+--------------------+--------------------+-------------------------------------+-------------------------------------+----------------------------+----------------------------+---------------------------+---------------------------+
; Pin ; I/O Standard ; Board Delay on Rise ; Board Delay on Fall ; Steady State Voh at FPGA Pin ; Steady State Vol at FPGA Pin ; Voh Max at FPGA Pin ; Vol Min at FPGA Pin ; Ringback Voltage on Rise at FPGA Pin ; Ringback Voltage on Fall at FPGA Pin ; 10-90 Rise Time at FPGA Pin ; 90-10 Fall Time at FPGA Pin ; Monotonic Rise at FPGA Pin ; Monotonic Fall at FPGA Pin ; Steady State Voh at Far-end ; Steady State Vol at Far-end ; Voh Max at Far-end ; Vol Min at Far-end ; Ringback Voltage on Rise at Far-end ; Ringback Voltage on Fall at Far-end ; 10-90 Rise Time at Far-end ; 90-10 Fall Time at Far-end ; Monotonic Rise at Far-end ; Monotonic Fall at Far-end ;
+-----+--------------+---------------------+---------------------+------------------------------+------------------------------+---------------------+---------------------+--------------------------------------+--------------------------------------+-----------------------------+-----------------------------+----------------------------+----------------------------+-----------------------------+-----------------------------+--------------------+--------------------+-------------------------------------+-------------------------------------+----------------------------+----------------------------+---------------------------+---------------------------+


+-------------------------------------------------------------------+
; Setup Transfers                                                   ;
+------------+----------+----------+----------+----------+----------+
; From Clock ; To Clock ; RR Paths ; FR Paths ; RF Paths ; FF Paths ;
+------------+----------+----------+----------+----------+----------+
; clk_150    ; clk_150  ; 125234   ; 0        ; 0        ; 0        ;
+------------+----------+----------+----------+----------+----------+
Entries labeled "false path" only account for clock-to-clock false paths and not path-based false paths. As a result, actual path counts may be lower than reported.


+-------------------------------------------------------------------+
; Hold Transfers                                                    ;
+------------+----------+----------+----------+----------+----------+
; From Clock ; To Clock ; RR Paths ; FR Paths ; RF Paths ; FF Paths ;
+------------+----------+----------+----------+----------+----------+
; clk_150    ; clk_150  ; 125234   ; 0        ; 0        ; 0        ;
+------------+----------+----------+----------+----------+----------+
Entries labeled "false path" only account for clock-to-clock false paths and not path-based false paths. As a result, actual path counts may be lower than reported.


---------------
; Report TCCS ;
---------------
No dedicated SERDES Transmitter circuitry present in device or used in design


---------------
; Report RSKM ;
---------------
No non-DPA dedicated SERDES Receiver circuitry present in device or used in design


+------------------------------------------------+
; Unconstrained Paths Summary                    ;
+---------------------------------+-------+------+
; Property                        ; Setup ; Hold ;
+---------------------------------+-------+------+
; Illegal Clocks                  ; 0     ; 0    ;
; Unconstrained Clocks            ; 0     ; 0    ;
; Unconstrained Input Ports       ; 19    ; 19   ;
; Unconstrained Input Port Paths  ; 8324  ; 8324 ;
; Unconstrained Output Ports      ; 29    ; 29   ;
; Unconstrained Output Port Paths ; 62    ; 62   ;
+---------------------------------+-------+------+


+---------------------------------------+
; Clock Status Summary                  ;
+--------+---------+------+-------------+
; Target ; Clock   ; Type ; Status      ;
+--------+---------+------+-------------+
; clk_i  ; clk_150 ; Base ; Constrained ;
+--------+---------+------+-------------+


+---------------------------------------------------------------------------------------------------+
; Unconstrained Input Ports                                                                         ;
+------------+--------------------------------------------------------------------------------------+
; Input Port ; Comment                                                                              ;
+------------+--------------------------------------------------------------------------------------+
; data_i[0]  ; No input delay, min/max delays, false-path exceptions, or max skew assignments found ;
; data_i[1]  ; No input delay, min/max delays, false-path exceptions, or max skew assignments found ;
; data_i[2]  ; No input delay, min/max delays, false-path exceptions, or max skew assignments found ;
; data_i[3]  ; No input delay, min/max delays, false-path exceptions, or max skew assignments found ;
; data_i[4]  ; No input delay, min/max delays, false-path exceptions, or max skew assignments found ;
; data_i[5]  ; No input delay, min/max delays, false-path exceptions, or max skew assignments found ;
; data_i[6]  ; No input delay, min/max delays, false-path exceptions, or max skew assignments found ;
; data_i[7]  ; No input delay, min/max delays, false-path exceptions, or max skew assignments found ;
; data_i[8]  ; No input delay, min/max delays, false-path exceptions, or max skew assignments found ;
; data_i[9]  ; No input delay, min/max delays, false-path exceptions, or max skew assignments found ;
; data_i[10] ; No input delay, min/max delays, false-path exceptions, or max skew assignments found ;
; data_i[11] ; No input delay, min/max delays, false-path exceptions, or max skew assignments found ;
; data_i[12] ; No input delay, min/max delays, false-path exceptions, or max skew assignments found ;
; data_i[13] ; No input delay, min/max delays, false-path exceptions, or max skew assignments found ;
; data_i[14] ; No input delay, min/max delays, false-path exceptions, or max skew assignments found ;
; data_i[15] ; No input delay, min/max delays, false-path exceptions, or max skew assignments found ;
; rdreq_i    ; No input delay, min/max delays, false-path exceptions, or max skew assignments found ;
; srst_i     ; No input delay, min/max delays, false-path exceptions, or max skew assignments found ;
; wrreq_i    ; No input delay, min/max delays, false-path exceptions, or max skew assignments found ;
+------------+--------------------------------------------------------------------------------------+


+--------------------------------------------------------------------------------------------------------+
; Unconstrained Output Ports                                                                             ;
+----------------+---------------------------------------------------------------------------------------+
; Output Port    ; Comment                                                                               ;
+----------------+---------------------------------------------------------------------------------------+
; almost_empty_o ; No output delay, min/max delays, false-path exceptions, or max skew assignments found ;
; almost_full_o  ; No output delay, min/max delays, false-path exceptions, or max skew assignments found ;
; empty_o        ; No output delay, min/max delays, false-path exceptions, or max skew assignments found ;
; full_o         ; No output delay, min/max delays, false-path exceptions, or max skew assignments found ;
; q_o[0]         ; No output delay, min/max delays, false-path exceptions, or max skew assignments found ;
; q_o[1]         ; No output delay, min/max delays, false-path exceptions, or max skew assignments found ;
; q_o[2]         ; No output delay, min/max delays, false-path exceptions, or max skew assignments found ;
; q_o[3]         ; No output delay, min/max delays, false-path exceptions, or max skew assignments found ;
; q_o[4]         ; No output delay, min/max delays, false-path exceptions, or max skew assignments found ;
; q_o[5]         ; No output delay, min/max delays, false-path exceptions, or max skew assignments found ;
; q_o[6]         ; No output delay, min/max delays, false-path exceptions, or max skew assignments found ;
; q_o[7]         ; No output delay, min/max delays, false-path exceptions, or max skew assignments found ;
; q_o[8]         ; No output delay, min/max delays, false-path exceptions, or max skew assignments found ;
; q_o[9]         ; No output delay, min/max delays, false-path exceptions, or max skew assignments found ;
; q_o[10]        ; No output delay, min/max delays, false-path exceptions, or max skew assignments found ;
; q_o[11]        ; No output delay, min/max delays, false-path exceptions, or max skew assignments found ;
; q_o[12]        ; No output delay, min/max delays, false-path exceptions, or max skew assignments found ;
; q_o[13]        ; No output delay, min/max delays, false-path exceptions, or max skew assignments found ;
; q_o[14]        ; No output delay, min/max delays, false-path exceptions, or max skew assignments found ;
; q_o[15]        ; No output delay, min/max delays, false-path exceptions, or max skew assignments found ;
; usedw_o[0]     ; No output delay, min/max delays, false-path exceptions, or max skew assignments found ;
; usedw_o[1]     ; No output delay, min/max delays, false-path exceptions, or max skew assignments found ;
; usedw_o[2]     ; No output delay, min/max delays, false-path exceptions, or max skew assignments found ;
; usedw_o[3]     ; No output delay, min/max delays, false-path exceptions, or max skew assignments found ;
; usedw_o[4]     ; No output delay, min/max delays, false-path exceptions, or max skew assignments found ;
; usedw_o[5]     ; No output delay, min/max delays, false-path exceptions, or max skew assignments found ;
; usedw_o[6]     ; No output delay, min/max delays, false-path exceptions, or max skew assignments found ;
; usedw_o[7]     ; No output delay, min/max delays, false-path exceptions, or max skew assignments found ;
; usedw_o[8]     ; No output delay, min/max delays, false-path exceptions, or max skew assignments found ;
+----------------+---------------------------------------------------------------------------------------+


+---------------------------------------------------------------------------------------------------+
; Unconstrained Input Ports                                                                         ;
+------------+--------------------------------------------------------------------------------------+
; Input Port ; Comment                                                                              ;
+------------+--------------------------------------------------------------------------------------+
; data_i[0]  ; No input delay, min/max delays, false-path exceptions, or max skew assignments found ;
; data_i[1]  ; No input delay, min/max delays, false-path exceptions, or max skew assignments found ;
; data_i[2]  ; No input delay, min/max delays, false-path exceptions, or max skew assignments found ;
; data_i[3]  ; No input delay, min/max delays, false-path exceptions, or max skew assignments found ;
; data_i[4]  ; No input delay, min/max delays, false-path exceptions, or max skew assignments found ;
; data_i[5]  ; No input delay, min/max delays, false-path exceptions, or max skew assignments found ;
; data_i[6]  ; No input delay, min/max delays, false-path exceptions, or max skew assignments found ;
; data_i[7]  ; No input delay, min/max delays, false-path exceptions, or max skew assignments found ;
; data_i[8]  ; No input delay, min/max delays, false-path exceptions, or max skew assignments found ;
; data_i[9]  ; No input delay, min/max delays, false-path exceptions, or max skew assignments found ;
; data_i[10] ; No input delay, min/max delays, false-path exceptions, or max skew assignments found ;
; data_i[11] ; No input delay, min/max delays, false-path exceptions, or max skew assignments found ;
; data_i[12] ; No input delay, min/max delays, false-path exceptions, or max skew assignments found ;
; data_i[13] ; No input delay, min/max delays, false-path exceptions, or max skew assignments found ;
; data_i[14] ; No input delay, min/max delays, false-path exceptions, or max skew assignments found ;
; data_i[15] ; No input delay, min/max delays, false-path exceptions, or max skew assignments found ;
; rdreq_i    ; No input delay, min/max delays, false-path exceptions, or max skew assignments found ;
; srst_i     ; No input delay, min/max delays, false-path exceptions, or max skew assignments found ;
; wrreq_i    ; No input delay, min/max delays, false-path exceptions, or max skew assignments found ;
+------------+--------------------------------------------------------------------------------------+


+--------------------------------------------------------------------------------------------------------+
; Unconstrained Output Ports                                                                             ;
+----------------+---------------------------------------------------------------------------------------+
; Output Port    ; Comment                                                                               ;
+----------------+---------------------------------------------------------------------------------------+
; almost_empty_o ; No output delay, min/max delays, false-path exceptions, or max skew assignments found ;
; almost_full_o  ; No output delay, min/max delays, false-path exceptions, or max skew assignments found ;
; empty_o        ; No output delay, min/max delays, false-path exceptions, or max skew assignments found ;
; full_o         ; No output delay, min/max delays, false-path exceptions, or max skew assignments found ;
; q_o[0]         ; No output delay, min/max delays, false-path exceptions, or max skew assignments found ;
; q_o[1]         ; No output delay, min/max delays, false-path exceptions, or max skew assignments found ;
; q_o[2]         ; No output delay, min/max delays, false-path exceptions, or max skew assignments found ;
; q_o[3]         ; No output delay, min/max delays, false-path exceptions, or max skew assignments found ;
; q_o[4]         ; No output delay, min/max delays, false-path exceptions, or max skew assignments found ;
; q_o[5]         ; No output delay, min/max delays, false-path exceptions, or max skew assignments found ;
; q_o[6]         ; No output delay, min/max delays, false-path exceptions, or max skew assignments found ;
; q_o[7]         ; No output delay, min/max delays, false-path exceptions, or max skew assignments found ;
; q_o[8]         ; No output delay, min/max delays, false-path exceptions, or max skew assignments found ;
; q_o[9]         ; No output delay, min/max delays, false-path exceptions, or max skew assignments found ;
; q_o[10]        ; No output delay, min/max delays, false-path exceptions, or max skew assignments found ;
; q_o[11]        ; No output delay, min/max delays, false-path exceptions, or max skew assignments found ;
; q_o[12]        ; No output delay, min/max delays, false-path exceptions, or max skew assignments found ;
; q_o[13]        ; No output delay, min/max delays, false-path exceptions, or max skew assignments found ;
; q_o[14]        ; No output delay, min/max delays, false-path exceptions, or max skew assignments found ;
; q_o[15]        ; No output delay, min/max delays, false-path exceptions, or max skew assignments found ;
; usedw_o[0]     ; No output delay, min/max delays, false-path exceptions, or max skew assignments found ;
; usedw_o[1]     ; No output delay, min/max delays, false-path exceptions, or max skew assignments found ;
; usedw_o[2]     ; No output delay, min/max delays, false-path exceptions, or max skew assignments found ;
; usedw_o[3]     ; No output delay, min/max delays, false-path exceptions, or max skew assignments found ;
; usedw_o[4]     ; No output delay, min/max delays, false-path exceptions, or max skew assignments found ;
; usedw_o[5]     ; No output delay, min/max delays, false-path exceptions, or max skew assignments found ;
; usedw_o[6]     ; No output delay, min/max delays, false-path exceptions, or max skew assignments found ;
; usedw_o[7]     ; No output delay, min/max delays, false-path exceptions, or max skew assignments found ;
; usedw_o[8]     ; No output delay, min/max delays, false-path exceptions, or max skew assignments found ;
+----------------+---------------------------------------------------------------------------------------+


+--------------------------+
; Timing Analyzer Messages ;
+--------------------------+
Info: *******************************************************************
Info: Running Quartus Prime Timing Analyzer
    Info: Version 18.1.0 Build 625 09/12/2018 SJ Lite Edition
    Info: Processing started: Tue Feb 07 00:24:38 2023
Info: Command: quartus_sta fifo -c fifo
Info: qsta_default_script.tcl version: #1
Info (20030): Parallel compilation is enabled and will use 6 of the 6 processors detected
Info (21077): Low junction temperature is 0 degrees C
Info (21077): High junction temperature is 85 degrees C
Info (332104): Reading SDC File: 'fifo.sdc'
Info (332151): Clock uncertainty is not calculated until you update the timing netlist.
Info (332123): Deriving Clock Uncertainty. Please refer to report_sdc in the Timing Analyzer to see clock uncertainties.
Info: Found TIMING_ANALYZER_REPORT_SCRIPT_INCLUDE_DEFAULT_ANALYSIS = ON
Info: Analyzing Slow 1100mV 85C Model
Critical Warning (332148): Timing requirements not met
    Info (11105): For recommendations on closing timing, run Report Timing Closure Recommendations in the Timing Analyzer.
Info (332146): Worst-case setup slack is -3.961
    Info (332119):     Slack       End Point TNS Clock 
    Info (332119): ========= =================== =====================
    Info (332119):    -3.961           -4428.896 clk_150 
Info (332146): Worst-case hold slack is 0.514
    Info (332119):     Slack       End Point TNS Clock 
    Info (332119): ========= =================== =====================
    Info (332119):     0.514               0.000 clk_150 
Info (332140): No Recovery paths to report
Info (332140): No Removal paths to report
Info (332146): Worst-case minimum pulse width slack is 1.111
    Info (332119):     Slack       End Point TNS Clock 
    Info (332119): ========= =================== =====================
    Info (332119):     1.111               0.000 clk_150 
Info: Analyzing Slow 1100mV 0C Model
Info (334003): Started post-fitting delay annotation
Info (334004): Delay annotation completed successfully
Info (332123): Deriving Clock Uncertainty. Please refer to report_sdc in the Timing Analyzer to see clock uncertainties.
Critical Warning (332148): Timing requirements not met
    Info (11105): For recommendations on closing timing, run Report Timing Closure Recommendations in the Timing Analyzer.
Info (332146): Worst-case setup slack is -4.244
    Info (332119):     Slack       End Point TNS Clock 
    Info (332119): ========= =================== =====================
    Info (332119):    -4.244           -3662.395 clk_150 
Info (332146): Worst-case hold slack is 0.521
    Info (332119):     Slack       End Point TNS Clock 
    Info (332119): ========= =================== =====================
    Info (332119):     0.521               0.000 clk_150 
Info (332140): No Recovery paths to report
Info (332140): No Removal paths to report
Info (332146): Worst-case minimum pulse width slack is 1.111
    Info (332119):     Slack       End Point TNS Clock 
    Info (332119): ========= =================== =====================
    Info (332119):     1.111               0.000 clk_150 
Info: Analyzing Fast 1100mV 85C Model
Info (334003): Started post-fitting delay annotation
Info (334004): Delay annotation completed successfully
Info (332123): Deriving Clock Uncertainty. Please refer to report_sdc in the Timing Analyzer to see clock uncertainties.
Info (332146): Worst-case setup slack is 1.518
    Info (332119):     Slack       End Point TNS Clock 
    Info (332119): ========= =================== =====================
    Info (332119):     1.518               0.000 clk_150 
Info (332146): Worst-case hold slack is 0.214
    Info (332119):     Slack       End Point TNS Clock 
    Info (332119): ========= =================== =====================
    Info (332119):     0.214               0.000 clk_150 
Info (332140): No Recovery paths to report
Info (332140): No Removal paths to report
Info (332146): Worst-case minimum pulse width slack is 2.137
    Info (332119):     Slack       End Point TNS Clock 
    Info (332119): ========= =================== =====================
    Info (332119):     2.137               0.000 clk_150 
Info: Analyzing Fast 1100mV 0C Model
Info (332123): Deriving Clock Uncertainty. Please refer to report_sdc in the Timing Analyzer to see clock uncertainties.
Info (332146): Worst-case setup slack is 2.012
    Info (332119):     Slack       End Point TNS Clock 
    Info (332119): ========= =================== =====================
    Info (332119):     2.012               0.000 clk_150 
Info (332146): Worst-case hold slack is 0.199
    Info (332119):     Slack       End Point TNS Clock 
    Info (332119): ========= =================== =====================
    Info (332119):     0.199               0.000 clk_150 
Info (332140): No Recovery paths to report
Info (332140): No Removal paths to report
Info (332146): Worst-case minimum pulse width slack is 2.125
    Info (332119):     Slack       End Point TNS Clock 
    Info (332119): ========= =================== =====================
    Info (332119):     2.125               0.000 clk_150 
Info (332102): Design is not fully constrained for setup requirements
Info (332102): Design is not fully constrained for hold requirements
Info: Quartus Prime Timing Analyzer was successful. 0 errors, 2 warnings
    Info: Peak virtual memory: 5261 megabytes
    Info: Processing ended: Tue Feb 07 00:24:54 2023
    Info: Elapsed time: 00:00:16
    Info: Total CPU time (on all processors): 00:00:43


